Archive member included to satisfy reference by file (symbol)

/opt/devkitpro/libnx/lib/libnx.a(switch_crt0.o)
                              (_start)
/opt/devkitpro/libnx/lib/libnx.a(dynamic.o)
                              /opt/devkitpro/libnx/lib/libnx.a(switch_crt0.o) (__nx_dynamic)
/opt/devkitpro/libnx/lib/libnx.a(init.o)
                              /opt/devkitpro/libnx/lib/libnx.a(switch_crt0.o) (__libnx_init)
/opt/devkitpro/libnx/lib/libnx.a(env.o)
                              /opt/devkitpro/libnx/lib/libnx.a(init.o) (envSetup)
/opt/devkitpro/libnx/lib/libnx.a(newlib.o)
                              /opt/devkitpro/libnx/lib/libnx.a(init.o) (__libnx_init_time)
/opt/devkitpro/libnx/lib/libnx.a(diag.o)
                              /opt/devkitpro/libnx/lib/libnx.a(dynamic.o) (diagAbortWithResult)
/opt/devkitpro/libnx/lib/libnx.a(argv.o)
                              /opt/devkitpro/libnx/lib/libnx.a(init.o) (argvSetup)
/opt/devkitpro/libnx/lib/libnx.a(fs_dev.o)
                              /opt/devkitpro/libnx/lib/libnx.a(init.o) (fsdevMountSdmc)
/opt/devkitpro/libnx/lib/libnx.a(decode_utf8.o)
                              /opt/devkitpro/libnx/lib/libnx.a(fs_dev.o) (decode_utf8)
/opt/devkitpro/libnx/lib/libnx.a(svc.o)
                              /opt/devkitpro/libnx/lib/libnx.a(init.o) (svcSetHeapSize)
/opt/devkitpro/libnx/lib/libnx.a(exception.o)
                              /opt/devkitpro/libnx/lib/libnx.a(switch_crt0.o) (__libnx_exception_entry)
/opt/devkitpro/libnx/lib/libnx.a(readtp.o)
                              /opt/devkitpro/libnx/lib/libnx.a(fs_dev.o) (__aarch64_read_tp)
/opt/devkitpro/libnx/lib/libnx.a(mutex.o)
                              /opt/devkitpro/libnx/lib/libnx.a(newlib.o) (mutexLock)
/opt/devkitpro/libnx/lib/libnx.a(virtmem.o)
                              /opt/devkitpro/libnx/lib/libnx.a(init.o) (virtmemSetup)
/opt/devkitpro/libnx/lib/libnx.a(condvar.o)
                              /opt/devkitpro/libnx/lib/libnx.a(newlib.o) (condvarWaitTimeout)
/opt/devkitpro/libnx/lib/libnx.a(random.o)
                              /opt/devkitpro/libnx/lib/libnx.a(virtmem.o) (randomGet64)
/opt/devkitpro/libnx/lib/libnx.a(thread.o)
                              /opt/devkitpro/libnx/lib/libnx.a(init.o) (__libnx_init_thread)
/opt/devkitpro/libnx/lib/libnx.a(set.o)
                              /opt/devkitpro/libnx/lib/libnx.a(init.o) (setsysInitialize)
/opt/devkitpro/libnx/lib/libnx.a(fs.o)
                              /opt/devkitpro/libnx/lib/libnx.a(init.o) (fsInitialize)
/opt/devkitpro/libnx/lib/libnx.a(sm.o)
                              /opt/devkitpro/libnx/lib/libnx.a(env.o) (smAddOverrideHandle)
/opt/devkitpro/libnx/lib/libnx.a(applet.o)
                              /opt/devkitpro/libnx/lib/libnx.a(init.o) (__nx_applet_type)
/opt/devkitpro/libnx/lib/libnx.a(time.o)
                              /opt/devkitpro/libnx/lib/libnx.a(init.o) (timeInitialize)
/opt/devkitpro/libnx/lib/libnx.a(hid.o)
                              /opt/devkitpro/libnx/lib/libnx.a(init.o) (hidInitialize)
/opt/devkitpro/libnx/lib/libnx.a(hosversion.o)
                              /opt/devkitpro/libnx/lib/libnx.a(init.o) (hosversionGet)
/opt/devkitpro/libnx/lib/libnx.a(nxlink.o)
                              /opt/devkitpro/libnx/lib/libnx.a(argv.o) (nxlinkSetup)
/opt/devkitpro/libnx/lib/libnx.a(alloc.o)
                              /opt/devkitpro/libnx/lib/libnx.a(newlib.o) (__libnx_alloc)
/opt/devkitpro/libnx/lib/libnx.a(path_buf.o)
                              /opt/devkitpro/libnx/lib/libnx.a(fs_dev.o) (__nx_dev_path_buf)
/opt/devkitpro/libnx/lib/libnx.a(shmem.o)
                              /opt/devkitpro/libnx/lib/libnx.a(time.o) (shmemLoadRemote)
/opt/devkitpro/libnx/lib/libnx.a(wait.o)
                              /opt/devkitpro/libnx/lib/libnx.a(applet.o) (waitObjects)
/opt/devkitpro/libnx/lib/libnx.a(tmem.o)
                              /opt/devkitpro/libnx/lib/libnx.a(applet.o) (tmemCreate)
/opt/devkitpro/libnx/lib/libnx.a(event.o)
                              /opt/devkitpro/libnx/lib/libnx.a(set.o) (eventLoadRemote)
/opt/devkitpro/libnx/lib/libnx.a(sessionmgr.o)
                              /opt/devkitpro/libnx/lib/libnx.a(fs.o) (sessionmgrCreate)
/opt/devkitpro/libnx/lib/libnx.a(apm.o)
                              /opt/devkitpro/libnx/lib/libnx.a(applet.o) (apmInitialize)
/opt/devkitpro/devkitA64/bin/../lib/gcc/aarch64-none-elf/12.2.0/../../../../aarch64-none-elf/lib/pic/libg.a(lib_a-aligned_alloc.o)
                              /opt/devkitpro/libnx/lib/libnx.a(alloc.o) (aligned_alloc)
/opt/devkitpro/devkitA64/bin/../lib/gcc/aarch64-none-elf/12.2.0/../../../../aarch64-none-elf/lib/pic/libg.a(lib_a-bsearch.o)
                              /opt/devkitpro/libnx/lib/libnx.a(fs_dev.o) (bsearch)
/opt/devkitpro/devkitA64/bin/../lib/gcc/aarch64-none-elf/12.2.0/../../../../aarch64-none-elf/lib/pic/libg.a(lib_a-ctype_.o)
                              /opt/devkitpro/libnx/lib/libnx.a(argv.o) (_ctype_)
/opt/devkitpro/devkitA64/bin/../lib/gcc/aarch64-none-elf/12.2.0/../../../../aarch64-none-elf/lib/pic/libg.a(lib_a-errno.o)
                              /opt/devkitpro/libnx/lib/libnx.a(newlib.o) (__errno)
/opt/devkitpro/devkitA64/bin/../lib/gcc/aarch64-none-elf/12.2.0/../../../../aarch64-none-elf/lib/pic/libg.a(lib_a-exit.o)
                              /opt/devkitpro/libnx/lib/libnx.a(switch_crt0.o) (exit)
/opt/devkitpro/devkitA64/bin/../lib/gcc/aarch64-none-elf/12.2.0/../../../../aarch64-none-elf/lib/pic/libg.a(lib_a-fini.o)
                              /opt/devkitpro/libnx/lib/libnx.a(init.o) (__libc_fini_array)
/opt/devkitpro/devkitA64/bin/../lib/gcc/aarch64-none-elf/12.2.0/../../../../aarch64-none-elf/lib/pic/libg.a(lib_a-gmtime.o)
                              /opt/devkitpro/libnx/lib/libnx.a(fs_dev.o) (gmtime)
/opt/devkitpro/devkitA64/bin/../lib/gcc/aarch64-none-elf/12.2.0/../../../../aarch64-none-elf/lib/pic/libg.a(lib_a-gmtime_r.o)
                              /opt/devkitpro/devkitA64/bin/../lib/gcc/aarch64-none-elf/12.2.0/../../../../aarch64-none-elf/lib/pic/libg.a(lib_a-gmtime.o) (gmtime_r)
/opt/devkitpro/devkitA64/bin/../lib/gcc/aarch64-none-elf/12.2.0/../../../../aarch64-none-elf/lib/pic/libg.a(lib_a-impure.o)
                              /opt/devkitpro/devkitA64/bin/../lib/gcc/aarch64-none-elf/12.2.0/../../../../aarch64-none-elf/lib/pic/libg.a(lib_a-exit.o) (_global_impure_ptr)
/opt/devkitpro/devkitA64/bin/../lib/gcc/aarch64-none-elf/12.2.0/../../../../aarch64-none-elf/lib/pic/libg.a(lib_a-init.o)
                              /opt/devkitpro/libnx/lib/libnx.a(init.o) (__libc_init_array)
/opt/devkitpro/devkitA64/bin/../lib/gcc/aarch64-none-elf/12.2.0/../../../../aarch64-none-elf/lib/pic/libg.a(lib_a-malignr.o)
                              /opt/devkitpro/devkitA64/bin/../lib/gcc/aarch64-none-elf/12.2.0/../../../../aarch64-none-elf/lib/pic/libg.a(lib_a-aligned_alloc.o) (_memalign_r)
/opt/devkitpro/devkitA64/bin/../lib/gcc/aarch64-none-elf/12.2.0/../../../../aarch64-none-elf/lib/pic/libg.a(lib_a-malloc.o)
                              /opt/devkitpro/libnx/lib/libnx.a(alloc.o) (malloc)
/opt/devkitpro/devkitA64/bin/../lib/gcc/aarch64-none-elf/12.2.0/../../../../aarch64-none-elf/lib/pic/libg.a(lib_a-mallocr.o)
                              /opt/devkitpro/devkitA64/bin/../lib/gcc/aarch64-none-elf/12.2.0/../../../../aarch64-none-elf/lib/pic/libg.a(lib_a-malignr.o) (_malloc_r)
/opt/devkitpro/devkitA64/bin/../lib/gcc/aarch64-none-elf/12.2.0/../../../../aarch64-none-elf/lib/pic/libg.a(lib_a-memcpy.o)
                              /opt/devkitpro/libnx/lib/libnx.a(newlib.o) (memcpy)
/opt/devkitpro/devkitA64/bin/../lib/gcc/aarch64-none-elf/12.2.0/../../../../aarch64-none-elf/lib/pic/libg.a(lib_a-memset.o)
                              /opt/devkitpro/libnx/lib/libnx.a(argv.o) (memset)
/opt/devkitpro/devkitA64/bin/../lib/gcc/aarch64-none-elf/12.2.0/../../../../aarch64-none-elf/lib/pic/libg.a(lib_a-mlock.o)
                              /opt/devkitpro/devkitA64/bin/../lib/gcc/aarch64-none-elf/12.2.0/../../../../aarch64-none-elf/lib/pic/libg.a(lib_a-malignr.o) (__malloc_lock)
/opt/devkitpro/devkitA64/bin/../lib/gcc/aarch64-none-elf/12.2.0/../../../../aarch64-none-elf/lib/pic/libg.a(lib_a-setenv.o)
                              /opt/devkitpro/libnx/lib/libnx.a(newlib.o) (setenv)
/opt/devkitpro/devkitA64/bin/../lib/gcc/aarch64-none-elf/12.2.0/../../../../aarch64-none-elf/lib/pic/libg.a(lib_a-setenv_r.o)
                              /opt/devkitpro/devkitA64/bin/../lib/gcc/aarch64-none-elf/12.2.0/../../../../aarch64-none-elf/lib/pic/libg.a(lib_a-setenv.o) (_setenv_r)
/opt/devkitpro/devkitA64/bin/../lib/gcc/aarch64-none-elf/12.2.0/../../../../aarch64-none-elf/lib/pic/libg.a(lib_a-strchr.o)
                              /opt/devkitpro/devkitA64/bin/../lib/gcc/aarch64-none-elf/12.2.0/../../../../aarch64-none-elf/lib/pic/libg.a(lib_a-setenv_r.o) (strchr)
/opt/devkitpro/devkitA64/bin/../lib/gcc/aarch64-none-elf/12.2.0/../../../../aarch64-none-elf/lib/pic/libg.a(lib_a-strcmp.o)
                              /opt/devkitpro/libnx/lib/libnx.a(fs_dev.o) (strcmp)
/opt/devkitpro/devkitA64/bin/../lib/gcc/aarch64-none-elf/12.2.0/../../../../aarch64-none-elf/lib/pic/libg.a(lib_a-strcpy.o)
                              /opt/devkitpro/libnx/lib/libnx.a(env.o) (strcpy)
/opt/devkitpro/devkitA64/bin/../lib/gcc/aarch64-none-elf/12.2.0/../../../../aarch64-none-elf/lib/pic/libg.a(lib_a-strlen.o)
                              /opt/devkitpro/libnx/lib/libnx.a(newlib.o) (strlen)
/opt/devkitpro/devkitA64/bin/../lib/gcc/aarch64-none-elf/12.2.0/../../../../aarch64-none-elf/lib/pic/libg.a(lib_a-strncat.o)
                              /opt/devkitpro/libnx/lib/libnx.a(fs_dev.o) (strncat)
/opt/devkitpro/devkitA64/bin/../lib/gcc/aarch64-none-elf/12.2.0/../../../../aarch64-none-elf/lib/pic/libg.a(lib_a-strncmp.o)
                              /opt/devkitpro/libnx/lib/libnx.a(fs_dev.o) (strncmp)
/opt/devkitpro/devkitA64/bin/../lib/gcc/aarch64-none-elf/12.2.0/../../../../aarch64-none-elf/lib/pic/libg.a(lib_a-strncpy.o)
                              /opt/devkitpro/libnx/lib/libnx.a(newlib.o) (strncpy)
/opt/devkitpro/devkitA64/bin/../lib/gcc/aarch64-none-elf/12.2.0/../../../../aarch64-none-elf/lib/pic/libg.a(lib_a-strnlen.o)
                              /opt/devkitpro/libnx/lib/libnx.a(fs_dev.o) (strnlen)
/opt/devkitpro/devkitA64/bin/../lib/gcc/aarch64-none-elf/12.2.0/../../../../aarch64-none-elf/lib/pic/libg.a(lib_a-strtoul.o)
                              /opt/devkitpro/libnx/lib/libnx.a(nxlink.o) (strtoul)
/opt/devkitpro/devkitA64/bin/../lib/gcc/aarch64-none-elf/12.2.0/../../../../aarch64-none-elf/lib/pic/libg.a(lib_a-__call_atexit.o)
                              /opt/devkitpro/devkitA64/bin/../lib/gcc/aarch64-none-elf/12.2.0/../../../../aarch64-none-elf/lib/pic/libg.a(lib_a-exit.o) (__call_exitprocs)
/opt/devkitpro/devkitA64/bin/../lib/gcc/aarch64-none-elf/12.2.0/../../../../aarch64-none-elf/lib/pic/libg.a(lib_a-environ.o)
                              /opt/devkitpro/devkitA64/bin/../lib/gcc/aarch64-none-elf/12.2.0/../../../../aarch64-none-elf/lib/pic/libg.a(lib_a-setenv_r.o) (environ)
/opt/devkitpro/devkitA64/bin/../lib/gcc/aarch64-none-elf/12.2.0/../../../../aarch64-none-elf/lib/pic/libg.a(lib_a-envlock.o)
                              /opt/devkitpro/devkitA64/bin/../lib/gcc/aarch64-none-elf/12.2.0/../../../../aarch64-none-elf/lib/pic/libg.a(lib_a-setenv_r.o) (__env_lock)
/opt/devkitpro/devkitA64/bin/../lib/gcc/aarch64-none-elf/12.2.0/../../../../aarch64-none-elf/lib/pic/libg.a(lib_a-freer.o)
                              /opt/devkitpro/devkitA64/bin/../lib/gcc/aarch64-none-elf/12.2.0/../../../../aarch64-none-elf/lib/pic/libg.a(lib_a-malignr.o) (_free_r)
/opt/devkitpro/devkitA64/bin/../lib/gcc/aarch64-none-elf/12.2.0/../../../../aarch64-none-elf/lib/pic/libg.a(lib_a-getenv_r.o)
                              /opt/devkitpro/devkitA64/bin/../lib/gcc/aarch64-none-elf/12.2.0/../../../../aarch64-none-elf/lib/pic/libg.a(lib_a-setenv_r.o) (_findenv_r)
/opt/devkitpro/devkitA64/bin/../lib/gcc/aarch64-none-elf/12.2.0/../../../../aarch64-none-elf/lib/pic/libg.a(lib_a-reallocr.o)
                              /opt/devkitpro/devkitA64/bin/../lib/gcc/aarch64-none-elf/12.2.0/../../../../aarch64-none-elf/lib/pic/libg.a(lib_a-setenv_r.o) (_realloc_r)
/opt/devkitpro/devkitA64/bin/../lib/gcc/aarch64-none-elf/12.2.0/../../../../aarch64-none-elf/lib/pic/libg.a(lib_a-memmove.o)
                              /opt/devkitpro/devkitA64/bin/../lib/gcc/aarch64-none-elf/12.2.0/../../../../aarch64-none-elf/lib/pic/libg.a(lib_a-reallocr.o) (memmove)
/opt/devkitpro/devkitA64/bin/../lib/gcc/aarch64-none-elf/12.2.0/../../../../aarch64-none-elf/lib/pic/libsysbase.a(iosupport.o)
                              /opt/devkitpro/libnx/lib/libnx.a(fs_dev.o) (setDefaultDevice)
/opt/devkitpro/devkitA64/bin/../lib/gcc/aarch64-none-elf/12.2.0/../../../../aarch64-none-elf/lib/pic/libsysbase.a(sbrk.o)
                              /opt/devkitpro/devkitA64/bin/../lib/gcc/aarch64-none-elf/12.2.0/../../../../aarch64-none-elf/lib/pic/libg.a(lib_a-mallocr.o) (_sbrk_r)
/opt/devkitpro/devkitA64/bin/../lib/gcc/aarch64-none-elf/12.2.0/../../../../aarch64-none-elf/lib/pic/libsysbase.a(_exit.o)
                              /opt/devkitpro/devkitA64/bin/../lib/gcc/aarch64-none-elf/12.2.0/../../../../aarch64-none-elf/lib/pic/libg.a(lib_a-exit.o) (_exit)
/opt/devkitpro/devkitA64/bin/../lib/gcc/aarch64-none-elf/12.2.0/../../../../aarch64-none-elf/lib/pic/libsysbase.a(malloc_vars.o)
                              /opt/devkitpro/libnx/lib/libnx.a(init.o) (fake_heap_start)
/opt/devkitpro/devkitA64/bin/../lib/gcc/aarch64-none-elf/12.2.0/../../../../aarch64-none-elf/lib/pic/libsysbase.a(chdir.o)
                              /opt/devkitpro/libnx/lib/libnx.a(fs_dev.o) (chdir)
/opt/devkitpro/devkitA64/bin/../lib/gcc/aarch64-none-elf/12.2.0/../../../../aarch64-none-elf/lib/pic/libsysbase.a(locks.o)
                              /opt/devkitpro/libnx/lib/libnx.a(newlib.o) (timespec2nsec)
/opt/devkitpro/devkitA64/bin/../lib/gcc/aarch64-none-elf/12.2.0/../../../../aarch64-none-elf/lib/pic/libsysbase.a(getreent.o)
                              /opt/devkitpro/libnx/lib/libnx.a(fs_dev.o) (__getreent)
/opt/devkitpro/devkitA64/bin/../lib/gcc/aarch64-none-elf/12.2.0/../../../../aarch64-none-elf/lib/pic/libsysbase.a(clocks.o)
                              /opt/devkitpro/devkitA64/bin/../lib/gcc/aarch64-none-elf/12.2.0/../../../../aarch64-none-elf/lib/pic/libsysbase.a(locks.o) (clock_gettime)
